warning: `VIRTUAL_ENV=/opt/venv` does not match the project environment path `.venv` and will be ignored; use `--active` to target the active environment instead
Bytecode compiled 8557 files in 284ms
Vocab size: 8,192
Model config: {'sequence_len': 2048, 'vocab_size': 8192, 'n_layer': 4, 'n_head': 2, 'n_kv_head': 2, 'n_embd': 256, 'window_pattern': 'SSSL'}
Parameter counts:
  wte                     : 2,097,152
  value_embeds            : 4,194,304
  lm_head                 : 2,097,152
  transformer_matrices    : 3,145,856
  scalars                 : 8
  total                   : 11,534,472
Estimated FLOPs per token: 4.718669e+07
Scaling AdamW LRs by 1/sqrt(256/768) = 1.732051
Time budget: 300s
Gradient accumulation steps: 16
Traceback (most recent call last):
  File "/tmp/autoresearch_workspace/autoresearch/train.py", line 603, in <module>
    loss = model(x, y)
  File "/tmp/autoresearch_workspace/autoresearch/.venv/lib/python3.14/site-packages/torch/nn/modules/module.py", line 1775, in _wrapped_call_impl
    return self._call_impl(*args, **kwargs)
           ~~~~~~~~~~~~~~~^^^^^^^^^^^^^^^^^
  File "/tmp/autoresearch_workspace/autoresearch/.venv/lib/python3.14/site-packages/torch/nn/modules/module.py", line 1786, in _call_impl
    return forward_call(*args, **kwargs)
  File "/tmp/autoresearch_workspace/autoresearch/train.py", line 336, in forward
    x = block(x, ve, cos_sin, self.window_sizes[i])
  File "/tmp/autoresearch_workspace/autoresearch/.venv/lib/python3.14/site-packages/torch/nn/modules/module.py", line 1775, in _wrapped_call_impl
    return self._call_impl(*args, **kwargs)
           ~~~~~~~~~~~~~~~^^^^^^^^^^^^^^^^^
  File "/tmp/autoresearch_workspace/autoresearch/.venv/lib/python3.14/site-packages/torch/nn/modules/module.py", line 1786, in _call_impl
    return forward_call(*args, **kwargs)
  File "/tmp/autoresearch_workspace/autoresearch/train.py", line 176, in forward
    x = x + self.attn(norm(x), ve, cos_sin, window_size)
            ~~~~~~~~~^^^^^^^^^^^^^^^^^^^^^^^^^^^^^^^^^^^
  File "/tmp/autoresearch_workspace/autoresearch/.venv/lib/python3.14/site-packages/torch/nn/modules/module.py", line 1775, in _wrapped_call_impl
    return self._call_impl(*args, **kwargs)
           ~~~~~~~~~~~~~~~^^^^^^^^^^^^^^^^^
  File "/tmp/autoresearch_workspace/autoresearch/.venv/lib/python3.14/site-packages/torch/nn/modules/module.py", line 1786, in _call_impl
    return forward_call(*args, **kwargs)
  File "/tmp/autoresearch_workspace/autoresearch/train.py", line 141, in forward
    attn = F.softmax(scores, dim=-1)
  File "/tmp/autoresearch_workspace/autoresearch/.venv/lib/python3.14/site-packages/torch/nn/functional.py", line 2133, in softmax
    ret = input.softmax(dim)
torch.OutOfMemoryError: CUDA out of memory. Tried to allocate 64.00 MiB. GPU 0 has a total capacity of 14.74 GiB of which 50.19 MiB is free. Process 1084873 has 8.36 GiB memory in use. Process 1102894 has 5.42 GiB memory in use. Process 1149051 has 930.00 MiB memory in use. Of the allocated memory 780.27 MiB is allocated by PyTorch, and 21.73 MiB is reserved by PyTorch but unallocated. If reserved but unallocated memory is large try setting PYTORCH_CUDA_ALLOC_CONF=expandable_segments:True to avoid fragmentation.  See documentation for Memory Management  (https://pytorch.org/docs/stable/notes/cuda.html#environment-variables)
